[2020-08-14T18:24:45.623+0200][gc,heap] Heap region size: 1M
[2020-08-14T18:24:45.637+0200][gc     ] Using G1
[2020-08-14T18:24:45.637+0200][gc,heap,coops] Heap address: 0x00000000c0000000, size: 1024 MB, Compressed Oops mode: 32-bit
[2020-08-14T18:24:45.637+0200][gc,cds       ] Mark closed archive regions in map: [0x00000000fff00000, 0x00000000fff69ff8]
[2020-08-14T18:24:45.637+0200][gc,cds       ] Mark open archive regions in map: [0x00000000ffe00000, 0x00000000ffe46ff8]
[2020-08-14T18:24:47.169+0200][gc,start     ] GC(0) Pause Young (Normal) (G1 Evacuation Pause)
[2020-08-14T18:24:47.170+0200][gc,task      ] GC(0) Using 4 workers of 4 for evacuation
[2020-08-14T18:24:47.195+0200][gc,mmu       ] GC(0) MMU target violated: 21,0ms (20,0ms/21,0ms)
[2020-08-14T18:24:47.195+0200][gc,phases    ] GC(0)   Pre Evacuate Collection Set: 0,1ms
[2020-08-14T18:24:47.195+0200][gc,phases    ] GC(0)   Evacuate Collection Set: 24,1ms
[2020-08-14T18:24:47.195+0200][gc,phases    ] GC(0)   Post Evacuate Collection Set: 1,1ms
[2020-08-14T18:24:47.195+0200][gc,phases    ] GC(0)   Other: 1,0ms
[2020-08-14T18:24:47.195+0200][gc,heap      ] GC(0) Eden regions: 51->0(45)
[2020-08-14T18:24:47.195+0200][gc,heap      ] GC(0) Survivor regions: 0->6(7)
[2020-08-14T18:24:47.195+0200][gc,heap      ] GC(0) Old regions: 2->2
[2020-08-14T18:24:47.195+0200][gc,heap      ] GC(0) Humongous regions: 1->1
[2020-08-14T18:24:47.195+0200][gc,metaspace ] GC(0) Metaspace: 16269K->16269K(1064960K)
[2020-08-14T18:24:47.195+0200][gc           ] GC(0) Pause Young (Normal) (G1 Evacuation Pause) 52M->7M(1024M) 26,400ms
[2020-08-14T18:24:47.195+0200][gc,cpu       ] GC(0) User=0,07s Sys=0,01s Real=0,03s
[2020-08-14T18:24:47.955+0200][gc,start     ] GC(1) Pause Young (Concurrent Start) (Metadata GC Threshold)
[2020-08-14T18:24:47.955+0200][gc,task      ] GC(1) Using 4 workers of 4 for evacuation
[2020-08-14T18:24:47.988+0200][gc,mmu       ] GC(1) MMU target violated: 21,0ms (20,0ms/21,0ms)
[2020-08-14T18:24:47.988+0200][gc,phases    ] GC(1)   Pre Evacuate Collection Set: 0,1ms
[2020-08-14T18:24:47.989+0200][gc,phases    ] GC(1)   Evacuate Collection Set: 32,5ms
[2020-08-14T18:24:47.989+0200][gc,phases    ] GC(1)   Post Evacuate Collection Set: 0,5ms
[2020-08-14T18:24:47.989+0200][gc,phases    ] GC(1)   Other: 0,6ms
[2020-08-14T18:24:47.989+0200][gc,heap      ] GC(1) Eden regions: 23->0(48)
[2020-08-14T18:24:47.989+0200][gc,heap      ] GC(1) Survivor regions: 6->3(7)
[2020-08-14T18:24:47.989+0200][gc,heap      ] GC(1) Old regions: 2->8
[2020-08-14T18:24:47.989+0200][gc,heap      ] GC(1) Humongous regions: 130->130
[2020-08-14T18:24:47.989+0200][gc,metaspace ] GC(1) Metaspace: 20627K->20627K(1067008K)
[2020-08-14T18:24:47.989+0200][gc           ] GC(1) Pause Young (Concurrent Start) (Metadata GC Threshold) 159M->138M(1024M) 33,794ms
[2020-08-14T18:24:47.989+0200][gc,cpu       ] GC(1) User=0,09s Sys=0,01s Real=0,04s
[2020-08-14T18:24:47.989+0200][gc           ] GC(2) Concurrent Cycle
[2020-08-14T18:24:47.989+0200][gc,marking   ] GC(2) Concurrent Clear Claimed Marks
[2020-08-14T18:24:47.989+0200][gc,marking   ] GC(2) Concurrent Clear Claimed Marks 0,033ms
[2020-08-14T18:24:47.989+0200][gc,marking   ] GC(2) Concurrent Scan Root Regions
[2020-08-14T18:24:47.992+0200][gc,marking   ] GC(2) Concurrent Scan Root Regions 3,018ms
[2020-08-14T18:24:47.992+0200][gc,marking   ] GC(2) Concurrent Mark (2,373s)
[2020-08-14T18:24:47.992+0200][gc,marking   ] GC(2) Concurrent Mark From Roots
[2020-08-14T18:24:47.992+0200][gc,task      ] GC(2) Using 1 workers of 1 for marking
[2020-08-14T18:24:48.005+0200][gc,marking   ] GC(2) Concurrent Mark From Roots 13,453ms
[2020-08-14T18:24:48.005+0200][gc,marking   ] GC(2) Concurrent Preclean
[2020-08-14T18:24:48.006+0200][gc,marking   ] GC(2) Concurrent Preclean 0,164ms
[2020-08-14T18:24:48.006+0200][gc,marking   ] GC(2) Concurrent Mark (2,373s, 2,387s) 13,696ms
[2020-08-14T18:24:48.007+0200][gc,start     ] GC(2) Pause Remark
[2020-08-14T18:24:48.013+0200][gc,stringtable] GC(2) Cleaned string and symbol table, strings: 6615 processed, 0 removed, symbols: 50334 processed, 41 removed
[2020-08-14T18:24:48.013+0200][gc            ] GC(2) Pause Remark 140M->140M(1024M) 6,140ms
[2020-08-14T18:24:48.013+0200][gc,cpu        ] GC(2) User=0,01s Sys=0,00s Real=0,00s
[2020-08-14T18:24:48.013+0200][gc,marking    ] GC(2) Concurrent Rebuild Remembered Sets
[2020-08-14T18:24:48.025+0200][gc,marking    ] GC(2) Concurrent Rebuild Remembered Sets 11,616ms
[2020-08-14T18:24:48.027+0200][gc,start      ] GC(2) Pause Cleanup
[2020-08-14T18:24:48.028+0200][gc            ] GC(2) Pause Cleanup 140M->140M(1024M) 0,479ms
[2020-08-14T18:24:48.028+0200][gc,cpu        ] GC(2) User=0,00s Sys=0,00s Real=0,00s
[2020-08-14T18:24:48.028+0200][gc,marking    ] GC(2) Concurrent Cleanup for Next Mark
[2020-08-14T18:24:48.052+0200][gc,marking    ] GC(2) Concurrent Cleanup for Next Mark 24,592ms
[2020-08-14T18:24:48.052+0200][gc            ] GC(2) Concurrent Cycle 63,691ms
[2020-08-15T12:43:58.846+0200][gc,start      ] GC(3) Pause Young (Normal) (G1 Evacuation Pause)
[2020-08-15T12:43:58.851+0200][gc,task       ] GC(3) Using 4 workers of 4 for evacuation
[2020-08-15T12:43:58.882+0200][gc,mmu        ] GC(3) MMU target violated: 21,0ms (20,0ms/21,0ms)
[2020-08-15T12:43:58.883+0200][gc,phases     ] GC(3)   Pre Evacuate Collection Set: 0,1ms
[2020-08-15T12:43:58.883+0200][gc,phases     ] GC(3)   Evacuate Collection Set: 28,6ms
[2020-08-15T12:43:58.883+0200][gc,phases     ] GC(3)   Post Evacuate Collection Set: 1,2ms
[2020-08-15T12:43:58.883+0200][gc,phases     ] GC(3)   Other: 6,8ms
[2020-08-15T12:43:58.883+0200][gc,heap       ] GC(3) Eden regions: 48->0(47)
[2020-08-15T12:43:58.883+0200][gc,heap       ] GC(3) Survivor regions: 3->4(7)
[2020-08-15T12:43:58.883+0200][gc,heap       ] GC(3) Old regions: 8->8
[2020-08-15T12:43:58.883+0200][gc,heap       ] GC(3) Humongous regions: 130->130
[2020-08-15T12:43:58.884+0200][gc,metaspace  ] GC(3) Metaspace: 26800K->26800K(1073152K)
[2020-08-15T12:43:58.884+0200][gc            ] GC(3) Pause Young (Normal) (G1 Evacuation Pause) 186M->140M(1024M) 38,391ms
[2020-08-15T12:43:58.884+0200][gc,cpu        ] GC(3) User=0,09s Sys=0,01s Real=0,04s
[2020-08-18T15:39:43.590+0200][gc,start      ] GC(4) Pause Young (Normal) (G1 Evacuation Pause)
[2020-08-18T15:39:43.597+0200][gc,task       ] GC(4) Using 4 workers of 4 for evacuation
[2020-08-18T15:39:43.635+0200][gc,mmu        ] GC(4) MMU target violated: 21,0ms (20,0ms/21,0ms)
[2020-08-18T15:39:43.635+0200][gc,phases     ] GC(4)   Pre Evacuate Collection Set: 0,1ms
[2020-08-18T15:39:43.635+0200][gc,phases     ] GC(4)   Evacuate Collection Set: 33,3ms
[2020-08-18T15:39:43.636+0200][gc,phases     ] GC(4)   Post Evacuate Collection Set: 4,6ms
[2020-08-18T15:39:43.636+0200][gc,phases     ] GC(4)   Other: 7,6ms
[2020-08-18T15:39:43.636+0200][gc,heap       ] GC(4) Eden regions: 47->0(49)
[2020-08-18T15:39:43.636+0200][gc,heap       ] GC(4) Survivor regions: 4->2(7)
[2020-08-18T15:39:43.636+0200][gc,heap       ] GC(4) Old regions: 8->10
[2020-08-18T15:39:43.636+0200][gc,heap       ] GC(4) Humongous regions: 130->130
[2020-08-18T15:39:43.636+0200][gc,metaspace  ] GC(4) Metaspace: 27097K->27097K(1073152K)
[2020-08-18T15:39:43.637+0200][gc            ] GC(4) Pause Young (Normal) (G1 Evacuation Pause) 187M->140M(1024M) 46,648ms
[2020-08-18T15:39:43.637+0200][gc,cpu        ] GC(4) User=0,09s Sys=0,00s Real=0,05s
[2020-08-18T16:30:23.589+0200][gc,start      ] GC(5) Pause Young (Normal) (G1 Evacuation Pause)
[2020-08-18T16:30:23.595+0200][gc,task       ] GC(5) Using 4 workers of 4 for evacuation
[2020-08-18T16:30:23.608+0200][gc,phases     ] GC(5)   Pre Evacuate Collection Set: 0,1ms
[2020-08-18T16:30:23.608+0200][gc,phases     ] GC(5)   Evacuate Collection Set: 10,2ms
[2020-08-18T16:30:23.608+0200][gc,phases     ] GC(5)   Post Evacuate Collection Set: 1,9ms
[2020-08-18T16:30:23.608+0200][gc,phases     ] GC(5)   Other: 7,1ms
[2020-08-18T16:30:23.608+0200][gc,heap       ] GC(5) Eden regions: 49->0(49)
[2020-08-18T16:30:23.608+0200][gc,heap       ] GC(5) Survivor regions: 2->2(7)
[2020-08-18T16:30:23.608+0200][gc,heap       ] GC(5) Old regions: 10->10
[2020-08-18T16:30:23.608+0200][gc,heap       ] GC(5) Humongous regions: 130->130
[2020-08-18T16:30:23.608+0200][gc,metaspace  ] GC(5) Metaspace: 27208K->27208K(1073152K)
[2020-08-18T16:30:23.609+0200][gc            ] GC(5) Pause Young (Normal) (G1 Evacuation Pause) 189M->140M(1024M) 19,561ms
[2020-08-18T16:30:23.609+0200][gc,cpu        ] GC(5) User=0,03s Sys=0,00s Real=0,02s
[2020-08-18T17:04:44.194+0200][gc,start      ] GC(6) Pause Young (Normal) (G1 Evacuation Pause)
[2020-08-18T17:04:44.200+0200][gc,task       ] GC(6) Using 4 workers of 4 for evacuation
[2020-08-18T17:04:44.250+0200][gc,mmu        ] GC(6) MMU target violated: 21,0ms (20,0ms/21,0ms)
[2020-08-18T17:04:44.251+0200][gc,phases     ] GC(6)   Pre Evacuate Collection Set: 0,1ms
[2020-08-18T17:04:44.251+0200][gc,phases     ] GC(6)   Evacuate Collection Set: 46,7ms
[2020-08-18T17:04:44.251+0200][gc,phases     ] GC(6)   Post Evacuate Collection Set: 3,2ms
[2020-08-18T17:04:44.251+0200][gc,phases     ] GC(6)   Other: 6,1ms
[2020-08-18T17:04:44.251+0200][gc,heap       ] GC(6) Eden regions: 49->0(48)
[2020-08-18T17:04:44.251+0200][gc,heap       ] GC(6) Survivor regions: 2->3(7)
[2020-08-18T17:04:44.251+0200][gc,heap       ] GC(6) Old regions: 10->10
[2020-08-18T17:04:44.251+0200][gc,heap       ] GC(6) Humongous regions: 130->130
[2020-08-18T17:04:44.251+0200][gc,metaspace  ] GC(6) Metaspace: 27666K->27666K(1075200K)
[2020-08-18T17:04:44.251+0200][gc            ] GC(6) Pause Young (Normal) (G1 Evacuation Pause) 189M->140M(1024M) 56,765ms
[2020-08-18T17:04:44.251+0200][gc,cpu        ] GC(6) User=0,11s Sys=0,00s Real=0,05s
[2020-08-18T17:22:18.589+0200][gc,start      ] GC(7) Pause Young (Normal) (G1 Evacuation Pause)
[2020-08-18T17:22:18.595+0200][gc,task       ] GC(7) Using 4 workers of 4 for evacuation
[2020-08-18T17:22:18.614+0200][gc,phases     ] GC(7)   Pre Evacuate Collection Set: 0,0ms
[2020-08-18T17:22:18.615+0200][gc,phases     ] GC(7)   Evacuate Collection Set: 16,5ms
[2020-08-18T17:22:18.615+0200][gc,phases     ] GC(7)   Post Evacuate Collection Set: 1,9ms
[2020-08-18T17:22:18.615+0200][gc,phases     ] GC(7)   Other: 6,8ms
[2020-08-18T17:22:18.615+0200][gc,heap       ] GC(7) Eden regions: 48->0(48)
[2020-08-18T17:22:18.615+0200][gc,heap       ] GC(7) Survivor regions: 3->3(7)
[2020-08-18T17:22:18.615+0200][gc,heap       ] GC(7) Old regions: 10->10
[2020-08-18T17:22:18.615+0200][gc,heap       ] GC(7) Humongous regions: 130->130
[2020-08-18T17:22:18.615+0200][gc,metaspace  ] GC(7) Metaspace: 27687K->27687K(1075200K)
[2020-08-18T17:22:18.615+0200][gc            ] GC(7) Pause Young (Normal) (G1 Evacuation Pause) 188M->141M(1024M) 26,412ms
[2020-08-18T17:22:18.615+0200][gc,cpu        ] GC(7) User=0,04s Sys=0,00s Real=0,03s
[2020-08-18T17:40:19.782+0200][gc,start      ] GC(8) Pause Young (Normal) (G1 Evacuation Pause)
[2020-08-18T17:40:19.787+0200][gc,task       ] GC(8) Using 4 workers of 4 for evacuation
[2020-08-18T17:40:19.823+0200][gc,mmu        ] GC(8) MMU target violated: 21,0ms (20,0ms/21,0ms)
[2020-08-18T17:40:19.823+0200][gc,phases     ] GC(8)   Pre Evacuate Collection Set: 0,1ms
[2020-08-18T17:40:19.823+0200][gc,phases     ] GC(8)   Evacuate Collection Set: 31,9ms
[2020-08-18T17:40:19.823+0200][gc,phases     ] GC(8)   Post Evacuate Collection Set: 4,1ms
[2020-08-18T17:40:19.824+0200][gc,phases     ] GC(8)   Other: 5,8ms
[2020-08-18T17:40:19.824+0200][gc,heap       ] GC(8) Eden regions: 48->0(48)
[2020-08-18T17:40:19.824+0200][gc,heap       ] GC(8) Survivor regions: 3->3(7)
[2020-08-18T17:40:19.824+0200][gc,heap       ] GC(8) Old regions: 10->10
[2020-08-18T17:40:19.824+0200][gc,heap       ] GC(8) Humongous regions: 130->130
[2020-08-18T17:40:19.824+0200][gc,metaspace  ] GC(8) Metaspace: 27690K->27690K(1075200K)
[2020-08-18T17:40:19.825+0200][gc            ] GC(8) Pause Young (Normal) (G1 Evacuation Pause) 189M->141M(1024M) 42,239ms
[2020-08-18T17:40:19.825+0200][gc,cpu        ] GC(8) User=0,08s Sys=0,00s Real=0,05s
[2020-08-18T18:18:33.589+0200][gc,start      ] GC(9) Pause Young (Normal) (G1 Evacuation Pause)
[2020-08-18T18:18:33.594+0200][gc,task       ] GC(9) Using 4 workers of 4 for evacuation
[2020-08-18T18:18:33.607+0200][gc,phases     ] GC(9)   Pre Evacuate Collection Set: 0,0ms
[2020-08-18T18:18:33.607+0200][gc,phases     ] GC(9)   Evacuate Collection Set: 8,9ms
[2020-08-18T18:18:33.607+0200][gc,phases     ] GC(9)   Post Evacuate Collection Set: 3,2ms
[2020-08-18T18:18:33.607+0200][gc,phases     ] GC(9)   Other: 6,0ms
[2020-08-18T18:18:33.607+0200][gc,heap       ] GC(9) Eden regions: 48->0(47)
[2020-08-18T18:18:33.607+0200][gc,heap       ] GC(9) Survivor regions: 3->4(7)
[2020-08-18T18:18:33.607+0200][gc,heap       ] GC(9) Old regions: 10->10
[2020-08-18T18:18:33.607+0200][gc,heap       ] GC(9) Humongous regions: 130->130
[2020-08-18T18:18:33.607+0200][gc,metaspace  ] GC(9) Metaspace: 27910K->27910K(1075200K)
[2020-08-18T18:18:33.608+0200][gc            ] GC(9) Pause Young (Normal) (G1 Evacuation Pause) 189M->142M(1024M) 18,865ms
[2020-08-18T18:18:33.608+0200][gc,cpu        ] GC(9) User=0,03s Sys=0,00s Real=0,02s
[2020-08-19T16:25:44.372+0200][gc,start      ] GC(10) Pause Young (Normal) (G1 Evacuation Pause)
[2020-08-19T16:25:44.378+0200][gc,task       ] GC(10) Using 4 workers of 4 for evacuation
[2020-08-19T16:25:44.386+0200][gc,phases     ] GC(10)   Pre Evacuate Collection Set: 0,0ms
[2020-08-19T16:25:44.386+0200][gc,phases     ] GC(10)   Evacuate Collection Set: 6,1ms
[2020-08-19T16:25:44.386+0200][gc,phases     ] GC(10)   Post Evacuate Collection Set: 1,9ms
[2020-08-19T16:25:44.386+0200][gc,phases     ] GC(10)   Other: 5,9ms
[2020-08-19T16:25:44.387+0200][gc,heap       ] GC(10) Eden regions: 47->0(48)
[2020-08-19T16:25:44.387+0200][gc,heap       ] GC(10) Survivor regions: 4->3(7)
[2020-08-19T16:25:44.387+0200][gc,heap       ] GC(10) Old regions: 10->10
[2020-08-19T16:25:44.387+0200][gc,heap       ] GC(10) Humongous regions: 130->130
[2020-08-19T16:25:44.387+0200][gc,metaspace  ] GC(10) Metaspace: 28183K->28183K(1075200K)
[2020-08-19T16:25:44.387+0200][gc            ] GC(10) Pause Young (Normal) (G1 Evacuation Pause) 189M->141M(1024M) 14,711ms
[2020-08-19T16:25:44.387+0200][gc,cpu        ] GC(10) User=0,03s Sys=0,00s Real=0,01s
[2020-08-19T16:40:53.435+0200][gc,start      ] GC(11) Pause Young (Normal) (G1 Evacuation Pause)
[2020-08-19T16:40:53.435+0200][gc,task       ] GC(11) Using 4 workers of 4 for evacuation
[2020-08-19T16:40:53.451+0200][gc,phases     ] GC(11)   Pre Evacuate Collection Set: 0,3ms
[2020-08-19T16:40:53.451+0200][gc,phases     ] GC(11)   Evacuate Collection Set: 11,2ms
[2020-08-19T16:40:53.451+0200][gc,phases     ] GC(11)   Post Evacuate Collection Set: 3,5ms
[2020-08-19T16:40:53.451+0200][gc,phases     ] GC(11)   Other: 0,3ms
[2020-08-19T16:40:53.451+0200][gc,heap       ] GC(11) Eden regions: 48->0(48)
[2020-08-19T16:40:53.451+0200][gc,heap       ] GC(11) Survivor regions: 3->3(7)
[2020-08-19T16:40:53.451+0200][gc,heap       ] GC(11) Old regions: 10->10
[2020-08-19T16:40:53.451+0200][gc,heap       ] GC(11) Humongous regions: 130->130
[2020-08-19T16:40:53.451+0200][gc,metaspace  ] GC(11) Metaspace: 28412K->28412K(1075200K)
[2020-08-19T16:40:53.451+0200][gc            ] GC(11) Pause Young (Normal) (G1 Evacuation Pause) 189M->141M(1024M) 15,494ms
[2020-08-19T16:40:53.451+0200][gc,cpu        ] GC(11) User=0,03s Sys=0,00s Real=0,02s
[2020-08-19T16:54:17.191+0200][gc,start      ] GC(12) Pause Young (Normal) (G1 Evacuation Pause)
[2020-08-19T16:54:17.191+0200][gc,task       ] GC(12) Using 4 workers of 4 for evacuation
[2020-08-19T16:54:17.199+0200][gc,phases     ] GC(12)   Pre Evacuate Collection Set: 0,0ms
[2020-08-19T16:54:17.199+0200][gc,phases     ] GC(12)   Evacuate Collection Set: 7,0ms
[2020-08-19T16:54:17.199+0200][gc,phases     ] GC(12)   Post Evacuate Collection Set: 0,5ms
[2020-08-19T16:54:17.199+0200][gc,phases     ] GC(12)   Other: 0,3ms
[2020-08-19T16:54:17.199+0200][gc,heap       ] GC(12) Eden regions: 48->0(48)
[2020-08-19T16:54:17.199+0200][gc,heap       ] GC(12) Survivor regions: 3->3(7)
[2020-08-19T16:54:17.199+0200][gc,heap       ] GC(12) Old regions: 10->10
[2020-08-19T16:54:17.199+0200][gc,heap       ] GC(12) Humongous regions: 130->130
[2020-08-19T16:54:17.199+0200][gc,metaspace  ] GC(12) Metaspace: 28459K->28459K(1075200K)
[2020-08-19T16:54:17.199+0200][gc            ] GC(12) Pause Young (Normal) (G1 Evacuation Pause) 189M->141M(1024M) 7,894ms
[2020-08-19T16:54:17.199+0200][gc,cpu        ] GC(12) User=0,02s Sys=0,01s Real=0,01s
[2020-08-19T17:09:13.435+0200][gc,start      ] GC(13) Pause Young (Normal) (G1 Evacuation Pause)
[2020-08-19T17:09:13.435+0200][gc,task       ] GC(13) Using 4 workers of 4 for evacuation
[2020-08-19T17:09:13.447+0200][gc,phases     ] GC(13)   Pre Evacuate Collection Set: 0,0ms
[2020-08-19T17:09:13.447+0200][gc,phases     ] GC(13)   Evacuate Collection Set: 7,5ms
[2020-08-19T17:09:13.447+0200][gc,phases     ] GC(13)   Post Evacuate Collection Set: 4,2ms
[2020-08-19T17:09:13.448+0200][gc,phases     ] GC(13)   Other: 0,2ms
[2020-08-19T17:09:13.448+0200][gc,heap       ] GC(13) Eden regions: 48->0(49)
[2020-08-19T17:09:13.448+0200][gc,heap       ] GC(13) Survivor regions: 3->3(7)
[2020-08-19T17:09:13.448+0200][gc,heap       ] GC(13) Old regions: 10->10
[2020-08-19T17:09:13.448+0200][gc,heap       ] GC(13) Humongous regions: 130->130
[2020-08-19T17:09:13.448+0200][gc,metaspace  ] GC(13) Metaspace: 28483K->28483K(1075200K)
[2020-08-19T17:09:13.448+0200][gc            ] GC(13) Pause Young (Normal) (G1 Evacuation Pause) 189M->141M(1024M) 12,190ms
[2020-08-19T17:09:13.448+0200][gc,cpu        ] GC(13) User=0,03s Sys=0,00s Real=0,01s
[2020-08-19T17:23:08.435+0200][gc,start      ] GC(14) Pause Young (Normal) (G1 Evacuation Pause)
[2020-08-19T17:23:08.435+0200][gc,task       ] GC(14) Using 4 workers of 4 for evacuation
[2020-08-19T17:23:08.445+0200][gc,phases     ] GC(14)   Pre Evacuate Collection Set: 0,0ms
[2020-08-19T17:23:08.445+0200][gc,phases     ] GC(14)   Evacuate Collection Set: 7,8ms
[2020-08-19T17:23:08.445+0200][gc,phases     ] GC(14)   Post Evacuate Collection Set: 1,4ms
[2020-08-19T17:23:08.445+0200][gc,phases     ] GC(14)   Other: 0,2ms
[2020-08-19T17:23:08.445+0200][gc,heap       ] GC(14) Eden regions: 49->0(54)
[2020-08-19T17:23:08.445+0200][gc,heap       ] GC(14) Survivor regions: 3->4(7)
[2020-08-19T17:23:08.445+0200][gc,heap       ] GC(14) Old regions: 10->10
[2020-08-19T17:23:08.445+0200][gc,heap       ] GC(14) Humongous regions: 130->130
[2020-08-19T17:23:08.445+0200][gc,metaspace  ] GC(14) Metaspace: 28492K->28492K(1075200K)
[2020-08-19T17:23:08.445+0200][gc            ] GC(14) Pause Young (Normal) (G1 Evacuation Pause) 190M->141M(1024M) 9,548ms
[2020-08-19T17:23:08.445+0200][gc,cpu        ] GC(14) User=0,03s Sys=0,00s Real=0,01s
[2020-08-19T17:38:12.000+0200][gc,start      ] GC(15) Pause Young (Normal) (G1 Evacuation Pause)
[2020-08-19T17:38:12.000+0200][gc,task       ] GC(15) Using 4 workers of 4 for evacuation
[2020-08-19T17:38:12.016+0200][gc,phases     ] GC(15)   Pre Evacuate Collection Set: 0,0ms
[2020-08-19T17:38:12.016+0200][gc,phases     ] GC(15)   Evacuate Collection Set: 8,8ms
[2020-08-19T17:38:12.016+0200][gc,phases     ] GC(15)   Post Evacuate Collection Set: 6,4ms
[2020-08-19T17:38:12.016+0200][gc,phases     ] GC(15)   Other: 0,3ms
[2020-08-19T17:38:12.016+0200][gc,heap       ] GC(15) Eden regions: 54->0(197)
[2020-08-19T17:38:12.016+0200][gc,heap       ] GC(15) Survivor regions: 4->4(8)
[2020-08-19T17:38:12.016+0200][gc,heap       ] GC(15) Old regions: 10->10
[2020-08-19T17:38:12.016+0200][gc,heap       ] GC(15) Humongous regions: 130->130
[2020-08-19T17:38:12.016+0200][gc,metaspace  ] GC(15) Metaspace: 28493K->28493K(1075200K)
[2020-08-19T17:38:12.016+0200][gc            ] GC(15) Pause Young (Normal) (G1 Evacuation Pause) 195M->141M(1024M) 15,721ms
[2020-08-19T17:38:12.016+0200][gc,cpu        ] GC(15) User=0,04s Sys=0,00s Real=0,01s
[2020-08-19T18:52:12.898+0200][gc,start      ] GC(16) Pause Young (Normal) (G1 Evacuation Pause)
[2020-08-19T18:52:12.898+0200][gc,task       ] GC(16) Using 4 workers of 4 for evacuation
[2020-08-19T18:52:12.929+0200][gc,mmu        ] GC(16) MMU target violated: 21,0ms (20,0ms/21,0ms)
[2020-08-19T18:52:12.929+0200][gc,phases     ] GC(16)   Pre Evacuate Collection Set: 0,1ms
[2020-08-19T18:52:12.929+0200][gc,phases     ] GC(16)   Evacuate Collection Set: 28,6ms
[2020-08-19T18:52:12.929+0200][gc,phases     ] GC(16)   Post Evacuate Collection Set: 1,6ms
[2020-08-19T18:52:12.929+0200][gc,phases     ] GC(16)   Other: 1,0ms
[2020-08-19T18:52:12.929+0200][gc,heap       ] GC(16) Eden regions: 197->0(47)
[2020-08-19T18:52:12.929+0200][gc,heap       ] GC(16) Survivor regions: 4->4(26)
[2020-08-19T18:52:12.929+0200][gc,heap       ] GC(16) Old regions: 10->10
[2020-08-19T18:52:12.930+0200][gc,heap       ] GC(16) Humongous regions: 130->130
[2020-08-19T18:52:12.930+0200][gc,metaspace  ] GC(16) Metaspace: 28528K->28528K(1075200K)
[2020-08-19T18:52:12.930+0200][gc            ] GC(16) Pause Young (Normal) (G1 Evacuation Pause) 338M->142M(1024M) 31,719ms
[2020-08-19T18:52:12.930+0200][gc,cpu        ] GC(16) User=0,11s Sys=0,00s Real=0,03s
[2020-08-20T15:10:30.000+0200][gc,start      ] GC(17) Pause Young (Normal) (G1 Evacuation Pause)
[2020-08-20T15:10:30.001+0200][gc,task       ] GC(17) Using 4 workers of 4 for evacuation
[2020-08-20T15:10:30.025+0200][gc,mmu        ] GC(17) MMU target violated: 21,0ms (20,0ms/21,0ms)
[2020-08-20T15:10:30.025+0200][gc,phases     ] GC(17)   Pre Evacuate Collection Set: 0,1ms
[2020-08-20T15:10:30.025+0200][gc,phases     ] GC(17)   Evacuate Collection Set: 11,8ms
[2020-08-20T15:10:30.025+0200][gc,phases     ] GC(17)   Post Evacuate Collection Set: 11,3ms
[2020-08-20T15:10:30.025+0200][gc,phases     ] GC(17)   Other: 2,0ms
[2020-08-20T15:10:30.026+0200][gc,heap       ] GC(17) Eden regions: 47->0(49)
[2020-08-20T15:10:30.026+0200][gc,heap       ] GC(17) Survivor regions: 4->2(7)
[2020-08-20T15:10:30.026+0200][gc,heap       ] GC(17) Old regions: 10->11
[2020-08-20T15:10:30.026+0200][gc,heap       ] GC(17) Humongous regions: 130->130
[2020-08-20T15:10:30.027+0200][gc,metaspace  ] GC(17) Metaspace: 28602K->28602K(1075200K)
[2020-08-20T15:10:30.028+0200][gc            ] GC(17) Pause Young (Normal) (G1 Evacuation Pause) 189M->141M(1024M) 27,181ms
[2020-08-20T15:10:30.028+0200][gc,cpu        ] GC(17) User=0,02s Sys=0,00s Real=0,03s
[2020-08-20T15:59:46.841+0200][gc,start      ] GC(18) Pause Young (Normal) (G1 Evacuation Pause)
[2020-08-20T15:59:46.843+0200][gc,task       ] GC(18) Using 4 workers of 4 for evacuation
[2020-08-20T15:59:46.879+0200][gc,mmu        ] GC(18) MMU target violated: 21,0ms (20,0ms/21,0ms)
[2020-08-20T15:59:46.880+0200][gc,phases     ] GC(18)   Pre Evacuate Collection Set: 1,4ms
[2020-08-20T15:59:46.880+0200][gc,phases     ] GC(18)   Evacuate Collection Set: 29,9ms
[2020-08-20T15:59:46.880+0200][gc,phases     ] GC(18)   Post Evacuate Collection Set: 4,1ms
[2020-08-20T15:59:46.880+0200][gc,phases     ] GC(18)   Other: 3,8ms
[2020-08-20T15:59:46.880+0200][gc,heap       ] GC(18) Eden regions: 49->0(49)
[2020-08-20T15:59:46.880+0200][gc,heap       ] GC(18) Survivor regions: 2->2(7)
[2020-08-20T15:59:46.880+0200][gc,heap       ] GC(18) Old regions: 11->11
[2020-08-20T15:59:46.880+0200][gc,heap       ] GC(18) Humongous regions: 130->130
[2020-08-20T15:59:46.880+0200][gc,metaspace  ] GC(18) Metaspace: 28605K->28605K(1075200K)
[2020-08-20T15:59:46.881+0200][gc            ] GC(18) Pause Young (Normal) (G1 Evacuation Pause) 190M->140M(1024M) 40,090ms
[2020-08-20T15:59:46.881+0200][gc,cpu        ] GC(18) User=0,02s Sys=0,01s Real=0,04s
