[2020-08-14T18:20:39.651+0200][gc,heap] Heap region size: 1M
[2020-08-14T18:20:39.663+0200][gc     ] Using G1
[2020-08-14T18:20:39.663+0200][gc,heap,coops] Heap address: 0x00000000c0000000, size: 1024 MB, Compressed Oops mode: 32-bit
[2020-08-14T18:20:39.664+0200][gc,cds       ] Mark closed archive regions in map: [0x00000000fff00000, 0x00000000fff69ff8]
[2020-08-14T18:20:39.664+0200][gc,cds       ] Mark open archive regions in map: [0x00000000ffe00000, 0x00000000ffe46ff8]
[2020-08-14T18:20:41.154+0200][gc,start     ] GC(0) Pause Young (Normal) (G1 Evacuation Pause)
[2020-08-14T18:20:41.155+0200][gc,task      ] GC(0) Using 4 workers of 4 for evacuation
[2020-08-14T18:20:41.184+0200][gc,mmu       ] GC(0) MMU target violated: 21,0ms (20,0ms/21,0ms)
[2020-08-14T18:20:41.184+0200][gc,phases    ] GC(0)   Pre Evacuate Collection Set: 0,1ms
[2020-08-14T18:20:41.184+0200][gc,phases    ] GC(0)   Evacuate Collection Set: 27,5ms
[2020-08-14T18:20:41.184+0200][gc,phases    ] GC(0)   Post Evacuate Collection Set: 0,5ms
[2020-08-14T18:20:41.184+0200][gc,phases    ] GC(0)   Other: 1,3ms
[2020-08-14T18:20:41.184+0200][gc,heap      ] GC(0) Eden regions: 51->0(45)
[2020-08-14T18:20:41.184+0200][gc,heap      ] GC(0) Survivor regions: 0->6(7)
[2020-08-14T18:20:41.184+0200][gc,heap      ] GC(0) Old regions: 2->2
[2020-08-14T18:20:41.184+0200][gc,heap      ] GC(0) Humongous regions: 1->1
[2020-08-14T18:20:41.184+0200][gc,metaspace ] GC(0) Metaspace: 16268K->16268K(1064960K)
[2020-08-14T18:20:41.184+0200][gc           ] GC(0) Pause Young (Normal) (G1 Evacuation Pause) 52M->7M(1024M) 29,535ms
[2020-08-14T18:20:41.184+0200][gc,cpu       ] GC(0) User=0,08s Sys=0,01s Real=0,04s
[2020-08-14T18:20:42.256+0200][gc,heap,exit ] Heap
[2020-08-14T18:20:42.256+0200][gc,heap,exit ]  garbage-first heap   total 1048576K, used 11758K [0x00000000c0000000, 0x0000000100000000)
[2020-08-14T18:20:42.256+0200][gc,heap,exit ]   region size 1024K, 11 young (11264K), 6 survivors (6144K)
[2020-08-14T18:20:42.256+0200][gc,heap,exit ]  Metaspace       used 17192K, capacity 17541K, committed 17920K, reserved 1064960K
[2020-08-14T18:20:42.256+0200][gc,heap,exit ]   class space    used 2355K, capacity 2479K, committed 2560K, reserved 1048576K
