[2020-08-14T17:16:35.502+0200][gc,heap] Heap region size: 1M
[2020-08-14T17:16:35.556+0200][gc     ] Using G1
[2020-08-14T17:16:35.556+0200][gc,heap,coops] Heap address: 0x00000000c0000000, size: 1024 MB, Compressed Oops mode: 32-bit
[2020-08-14T17:16:35.557+0200][gc,cds       ] Mark closed archive regions in map: [0x00000000fff00000, 0x00000000fff69ff8]
[2020-08-14T17:16:35.557+0200][gc,cds       ] Mark open archive regions in map: [0x00000000ffe00000, 0x00000000ffe46ff8]
[2020-08-14T17:16:37.821+0200][gc,start     ] GC(0) Pause Young (Normal) (G1 Evacuation Pause)
[2020-08-14T17:16:37.823+0200][gc,task      ] GC(0) Using 4 workers of 4 for evacuation
[2020-08-14T17:16:37.852+0200][gc,mmu       ] GC(0) MMU target violated: 21,0ms (20,0ms/21,0ms)
[2020-08-14T17:16:37.857+0200][gc,phases    ] GC(0)   Pre Evacuate Collection Set: 0,1ms
[2020-08-14T17:16:37.857+0200][gc,phases    ] GC(0)   Evacuate Collection Set: 28,0ms
[2020-08-14T17:16:37.857+0200][gc,phases    ] GC(0)   Post Evacuate Collection Set: 0,5ms
[2020-08-14T17:16:37.857+0200][gc,phases    ] GC(0)   Other: 7,4ms
[2020-08-14T17:16:37.857+0200][gc,heap      ] GC(0) Eden regions: 51->0(45)
[2020-08-14T17:16:37.857+0200][gc,heap      ] GC(0) Survivor regions: 0->6(7)
[2020-08-14T17:16:37.857+0200][gc,heap      ] GC(0) Old regions: 2->2
[2020-08-14T17:16:37.857+0200][gc,heap      ] GC(0) Humongous regions: 1->1
[2020-08-14T17:16:37.857+0200][gc,metaspace ] GC(0) Metaspace: 16177K->16177K(1064960K)
[2020-08-14T17:16:37.857+0200][gc           ] GC(0) Pause Young (Normal) (G1 Evacuation Pause) 52M->7M(1024M) 36,054ms
[2020-08-14T17:16:37.857+0200][gc,cpu       ] GC(0) User=0,07s Sys=0,01s Real=0,04s
[2020-08-14T17:16:38.852+0200][gc,start     ] GC(1) Pause Young (Concurrent Start) (Metadata GC Threshold)
[2020-08-14T17:16:38.852+0200][gc,task      ] GC(1) Using 4 workers of 4 for evacuation
[2020-08-14T17:16:38.876+0200][gc,mmu       ] GC(1) MMU target violated: 21,0ms (20,0ms/21,0ms)
[2020-08-14T17:16:38.877+0200][gc,phases    ] GC(1)   Pre Evacuate Collection Set: 0,0ms
[2020-08-14T17:16:38.877+0200][gc,phases    ] GC(1)   Evacuate Collection Set: 23,5ms
[2020-08-14T17:16:38.877+0200][gc,phases    ] GC(1)   Post Evacuate Collection Set: 0,5ms
[2020-08-14T17:16:38.877+0200][gc,phases    ] GC(1)   Other: 0,4ms
[2020-08-14T17:16:38.877+0200][gc,heap      ] GC(1) Eden regions: 25->0(48)
[2020-08-14T17:16:38.877+0200][gc,heap      ] GC(1) Survivor regions: 6->3(7)
[2020-08-14T17:16:38.877+0200][gc,heap      ] GC(1) Old regions: 2->8
[2020-08-14T17:16:38.877+0200][gc,heap      ] GC(1) Humongous regions: 130->130
[2020-08-14T17:16:38.877+0200][gc,metaspace ] GC(1) Metaspace: 20548K->20548K(1067008K)
[2020-08-14T17:16:38.877+0200][gc           ] GC(1) Pause Young (Concurrent Start) (Metadata GC Threshold) 161M->139M(1024M) 24,529ms
[2020-08-14T17:16:38.877+0200][gc,cpu       ] GC(1) User=0,06s Sys=0,00s Real=0,03s
[2020-08-14T17:16:38.877+0200][gc           ] GC(2) Concurrent Cycle
[2020-08-14T17:16:38.877+0200][gc,marking   ] GC(2) Concurrent Clear Claimed Marks
[2020-08-14T17:16:38.877+0200][gc,marking   ] GC(2) Concurrent Clear Claimed Marks 0,046ms
[2020-08-14T17:16:38.877+0200][gc,marking   ] GC(2) Concurrent Scan Root Regions
[2020-08-14T17:16:38.890+0200][gc,marking   ] GC(2) Concurrent Scan Root Regions 12,789ms
[2020-08-14T17:16:38.890+0200][gc,marking   ] GC(2) Concurrent Mark (3,401s)
[2020-08-14T17:16:38.890+0200][gc,marking   ] GC(2) Concurrent Mark From Roots
[2020-08-14T17:16:38.890+0200][gc,task      ] GC(2) Using 1 workers of 1 for marking
[2020-08-14T17:16:38.906+0200][gc,marking   ] GC(2) Concurrent Mark From Roots 16,137ms
[2020-08-14T17:16:38.906+0200][gc,marking   ] GC(2) Concurrent Preclean
[2020-08-14T17:16:38.906+0200][gc,marking   ] GC(2) Concurrent Preclean 0,295ms
[2020-08-14T17:16:38.906+0200][gc,marking   ] GC(2) Concurrent Mark (3,401s, 3,417s) 16,632ms
[2020-08-14T17:16:38.907+0200][gc,start     ] GC(2) Pause Remark
[2020-08-14T17:16:38.917+0200][gc,stringtable] GC(2) Cleaned string and symbol table, strings: 8526 processed, 0 removed, symbols: 52751 processed, 47 removed
[2020-08-14T17:16:38.918+0200][gc            ] GC(2) Pause Remark 140M->140M(1024M) 10,368ms
[2020-08-14T17:16:38.918+0200][gc,cpu        ] GC(2) User=0,03s Sys=0,00s Real=0,01s
[2020-08-14T17:16:38.918+0200][gc,marking    ] GC(2) Concurrent Rebuild Remembered Sets
[2020-08-14T17:16:38.928+0200][gc,marking    ] GC(2) Concurrent Rebuild Remembered Sets 10,761ms
[2020-08-14T17:16:38.929+0200][gc,start      ] GC(2) Pause Cleanup
[2020-08-14T17:16:38.929+0200][gc            ] GC(2) Pause Cleanup 140M->140M(1024M) 0,420ms
[2020-08-14T17:16:38.929+0200][gc,cpu        ] GC(2) User=0,00s Sys=0,00s Real=0,00s
[2020-08-14T17:16:38.929+0200][gc,marking    ] GC(2) Concurrent Cleanup for Next Mark
[2020-08-14T17:16:38.953+0200][gc,marking    ] GC(2) Concurrent Cleanup for Next Mark 24,094ms
[2020-08-14T17:16:38.955+0200][gc            ] GC(2) Concurrent Cycle 78,098ms
[2020-08-14T17:38:55.725+0200][gc,start      ] GC(3) Pause Young (Normal) (G1 Evacuation Pause)
[2020-08-14T17:38:55.730+0200][gc,task       ] GC(3) Using 4 workers of 4 for evacuation
[2020-08-14T17:38:55.765+0200][gc,mmu        ] GC(3) MMU target violated: 21,0ms (20,0ms/21,0ms)
[2020-08-14T17:38:55.765+0200][gc,phases     ] GC(3)   Pre Evacuate Collection Set: 0,1ms
[2020-08-14T17:38:55.765+0200][gc,phases     ] GC(3)   Evacuate Collection Set: 32,0ms
[2020-08-14T17:38:55.765+0200][gc,phases     ] GC(3)   Post Evacuate Collection Set: 2,3ms
[2020-08-14T17:38:55.765+0200][gc,phases     ] GC(3)   Other: 6,1ms
[2020-08-14T17:38:55.765+0200][gc,heap       ] GC(3) Eden regions: 48->0(46)
[2020-08-14T17:38:55.766+0200][gc,heap       ] GC(3) Survivor regions: 3->5(7)
[2020-08-14T17:38:55.766+0200][gc,heap       ] GC(3) Old regions: 8->8
[2020-08-14T17:38:55.766+0200][gc,heap       ] GC(3) Humongous regions: 130->130
[2020-08-14T17:38:55.766+0200][gc,metaspace  ] GC(3) Metaspace: 26133K->26133K(1073152K)
[2020-08-14T17:38:55.766+0200][gc            ] GC(3) Pause Young (Normal) (G1 Evacuation Pause) 187M->140M(1024M) 40,995ms
[2020-08-14T17:38:55.767+0200][gc,cpu        ] GC(3) User=0,09s Sys=0,01s Real=0,04s
[2020-08-14T17:54:48.899+0200][gc,start      ] GC(4) Pause Young (Normal) (G1 Evacuation Pause)
[2020-08-14T17:54:48.899+0200][gc,task       ] GC(4) Using 4 workers of 4 for evacuation
[2020-08-14T17:54:48.949+0200][gc,mmu        ] GC(4) MMU target violated: 21,0ms (20,0ms/21,0ms)
[2020-08-14T17:54:48.949+0200][gc,phases     ] GC(4)   Pre Evacuate Collection Set: 0,1ms
[2020-08-14T17:54:48.949+0200][gc,phases     ] GC(4)   Evacuate Collection Set: 46,1ms
[2020-08-14T17:54:48.949+0200][gc,phases     ] GC(4)   Post Evacuate Collection Set: 3,4ms
[2020-08-14T17:54:48.949+0200][gc,phases     ] GC(4)   Other: 0,8ms
[2020-08-14T17:54:48.949+0200][gc,heap       ] GC(4) Eden regions: 46->0(48)
[2020-08-14T17:54:48.950+0200][gc,heap       ] GC(4) Survivor regions: 5->3(7)
[2020-08-14T17:54:48.950+0200][gc,heap       ] GC(4) Old regions: 8->11
[2020-08-14T17:54:48.950+0200][gc,heap       ] GC(4) Humongous regions: 130->130
[2020-08-14T17:54:48.950+0200][gc,metaspace  ] GC(4) Metaspace: 27324K->27324K(1073152K)
[2020-08-14T17:54:48.950+0200][gc            ] GC(4) Pause Young (Normal) (G1 Evacuation Pause) 186M->141M(1024M) 50,717ms
[2020-08-14T17:54:48.950+0200][gc,cpu        ] GC(4) User=0,10s Sys=0,01s Real=0,05s
[2020-08-14T18:13:26.220+0200][gc,start      ] GC(5) Pause Young (Normal) (G1 Evacuation Pause)
[2020-08-14T18:13:26.220+0200][gc,task       ] GC(5) Using 4 workers of 4 for evacuation
[2020-08-14T18:13:26.227+0200][gc,phases     ] GC(5)   Pre Evacuate Collection Set: 0,0ms
[2020-08-14T18:13:26.227+0200][gc,phases     ] GC(5)   Evacuate Collection Set: 5,1ms
[2020-08-14T18:13:26.227+0200][gc,phases     ] GC(5)   Post Evacuate Collection Set: 1,9ms
[2020-08-14T18:13:26.227+0200][gc,phases     ] GC(5)   Other: 0,2ms
[2020-08-14T18:13:26.227+0200][gc,heap       ] GC(5) Eden regions: 48->0(48)
[2020-08-14T18:13:26.227+0200][gc,heap       ] GC(5) Survivor regions: 3->3(7)
[2020-08-14T18:13:26.227+0200][gc,heap       ] GC(5) Old regions: 11->11
[2020-08-14T18:13:26.227+0200][gc,heap       ] GC(5) Humongous regions: 130->130
[2020-08-14T18:13:26.227+0200][gc,metaspace  ] GC(5) Metaspace: 27373K->27373K(1073152K)
[2020-08-14T18:13:26.227+0200][gc            ] GC(5) Pause Young (Normal) (G1 Evacuation Pause) 189M->141M(1024M) 7,423ms
[2020-08-14T18:13:26.227+0200][gc,cpu        ] GC(5) User=0,02s Sys=0,00s Real=0,01s
