[2020-08-14T18:21:51.391+0200][gc,heap] Heap region size: 1M
[2020-08-14T18:21:51.404+0200][gc     ] Using G1
[2020-08-14T18:21:51.404+0200][gc,heap,coops] Heap address: 0x00000000c0000000, size: 1024 MB, Compressed Oops mode: 32-bit
[2020-08-14T18:21:51.404+0200][gc,cds       ] Mark closed archive regions in map: [0x00000000fff00000, 0x00000000fff69ff8]
[2020-08-14T18:21:51.404+0200][gc,cds       ] Mark open archive regions in map: [0x00000000ffe00000, 0x00000000ffe46ff8]
[2020-08-14T18:21:52.913+0200][gc,start     ] GC(0) Pause Young (Normal) (G1 Evacuation Pause)
[2020-08-14T18:21:52.914+0200][gc,task      ] GC(0) Using 4 workers of 4 for evacuation
[2020-08-14T18:21:52.931+0200][gc,phases    ] GC(0)   Pre Evacuate Collection Set: 0,0ms
[2020-08-14T18:21:52.931+0200][gc,phases    ] GC(0)   Evacuate Collection Set: 16,1ms
[2020-08-14T18:21:52.931+0200][gc,phases    ] GC(0)   Post Evacuate Collection Set: 0,5ms
[2020-08-14T18:21:52.931+0200][gc,phases    ] GC(0)   Other: 0,6ms
[2020-08-14T18:21:52.931+0200][gc,heap      ] GC(0) Eden regions: 51->0(45)
[2020-08-14T18:21:52.931+0200][gc,heap      ] GC(0) Survivor regions: 0->6(7)
[2020-08-14T18:21:52.931+0200][gc,heap      ] GC(0) Old regions: 2->2
[2020-08-14T18:21:52.931+0200][gc,heap      ] GC(0) Humongous regions: 1->1
[2020-08-14T18:21:52.931+0200][gc,metaspace ] GC(0) Metaspace: 16138K->16138K(1064960K)
[2020-08-14T18:21:52.931+0200][gc           ] GC(0) Pause Young (Normal) (G1 Evacuation Pause) 52M->7M(1024M) 17,341ms
[2020-08-14T18:21:52.931+0200][gc,cpu       ] GC(0) User=0,06s Sys=0,00s Real=0,02s
[2020-08-14T18:21:55.068+0200][gc,heap,exit ] Heap
[2020-08-14T18:21:55.068+0200][gc,heap,exit ]  garbage-first heap   total 1048576K, used 12742K [0x00000000c0000000, 0x0000000100000000)
[2020-08-14T18:21:55.068+0200][gc,heap,exit ]   region size 1024K, 12 young (12288K), 6 survivors (6144K)
[2020-08-14T18:21:55.068+0200][gc,heap,exit ]  Metaspace       used 17205K, capacity 17606K, committed 17920K, reserved 1064960K
[2020-08-14T18:21:55.068+0200][gc,heap,exit ]   class space    used 2355K, capacity 2479K, committed 2560K, reserved 1048576K
