[2020-08-14T18:24:38.315+0200][gc,heap] Heap region size: 1M
[2020-08-14T18:24:38.322+0200][gc     ] Using G1
[2020-08-14T18:24:38.322+0200][gc,heap,coops] Heap address: 0x00000000e0000000, size: 512 MB, Compressed Oops mode: 32-bit
[2020-08-14T18:24:38.323+0200][gc,cds       ] Mark closed archive regions in map: [0x00000000fff00000, 0x00000000fff69ff8]
[2020-08-14T18:24:38.323+0200][gc,cds       ] Mark open archive regions in map: [0x00000000ffe00000, 0x00000000ffe46ff8]
[2020-08-18T15:09:30.255+0200][gc,start     ] GC(0) Pause Young (Normal) (G1 Evacuation Pause)
[2020-08-18T15:09:30.264+0200][gc,task      ] GC(0) Using 4 workers of 4 for evacuation
[2020-08-18T15:09:30.346+0200][gc,mmu       ] GC(0) MMU target violated: 21,0ms (20,0ms/21,0ms)
[2020-08-18T15:09:30.346+0200][gc,phases    ] GC(0)   Pre Evacuate Collection Set: 0,0ms
[2020-08-18T15:09:30.346+0200][gc,phases    ] GC(0)   Evacuate Collection Set: 81,5ms
[2020-08-18T15:09:30.346+0200][gc,phases    ] GC(0)   Post Evacuate Collection Set: 0,6ms
[2020-08-18T15:09:30.346+0200][gc,phases    ] GC(0)   Other: 8,8ms
[2020-08-18T15:09:30.346+0200][gc,heap      ] GC(0) Eden regions: 25->0(21)
[2020-08-18T15:09:30.346+0200][gc,heap      ] GC(0) Survivor regions: 0->4(4)
[2020-08-18T15:09:30.346+0200][gc,heap      ] GC(0) Old regions: 2->4
[2020-08-18T15:09:30.346+0200][gc,heap      ] GC(0) Humongous regions: 1->1
[2020-08-18T15:09:30.346+0200][gc,metaspace ] GC(0) Metaspace: 7596K->7596K(1056768K)
[2020-08-18T15:09:30.346+0200][gc           ] GC(0) Pause Young (Normal) (G1 Evacuation Pause) 26M->6M(512M) 91,073ms
[2020-08-18T15:09:30.346+0200][gc,cpu       ] GC(0) User=0,06s Sys=0,00s Real=0,09s
[2020-08-19T16:51:39.999+0200][gc,start     ] GC(1) Pause Young (Normal) (G1 Evacuation Pause)
[2020-08-19T16:51:40.004+0200][gc,task      ] GC(1) Using 4 workers of 4 for evacuation
[2020-08-19T16:51:40.022+0200][gc,phases    ] GC(1)   Pre Evacuate Collection Set: 0,2ms
[2020-08-19T16:51:40.022+0200][gc,phases    ] GC(1)   Evacuate Collection Set: 16,5ms
[2020-08-19T16:51:40.022+0200][gc,phases    ] GC(1)   Post Evacuate Collection Set: 0,5ms
[2020-08-19T16:51:40.022+0200][gc,phases    ] GC(1)   Other: 5,2ms
[2020-08-19T16:51:40.022+0200][gc,heap      ] GC(1) Eden regions: 21->0(24)
[2020-08-19T16:51:40.022+0200][gc,heap      ] GC(1) Survivor regions: 4->1(4)
[2020-08-19T16:51:40.022+0200][gc,heap      ] GC(1) Old regions: 4->8
[2020-08-19T16:51:40.022+0200][gc,heap      ] GC(1) Humongous regions: 1->1
[2020-08-19T16:51:40.022+0200][gc,metaspace ] GC(1) Metaspace: 7638K->7638K(1056768K)
[2020-08-19T16:51:40.022+0200][gc           ] GC(1) Pause Young (Normal) (G1 Evacuation Pause) 27M->7M(512M) 22,442ms
[2020-08-19T16:51:40.022+0200][gc,cpu       ] GC(1) User=0,04s Sys=0,00s Real=0,02s
