[2020-08-14T17:12:35.150+0200][gc,heap] Heap region size: 1M
[2020-08-14T17:12:35.159+0200][gc     ] Using G1
[2020-08-14T17:12:35.159+0200][gc,heap,coops] Heap address: 0x00000000e0000000, size: 512 MB, Compressed Oops mode: 32-bit
[2020-08-14T17:12:35.159+0200][gc,cds       ] Mark closed archive regions in map: [0x00000000fff00000, 0x00000000fff69ff8]
[2020-08-14T17:12:35.159+0200][gc,cds       ] Mark open archive regions in map: [0x00000000ffe00000, 0x00000000ffe46ff8]
[2020-08-14T18:20:13.228+0200][gc,start     ] GC(0) Pause Young (Normal) (G1 Evacuation Pause)
[2020-08-14T18:20:13.235+0200][gc,task      ] GC(0) Using 4 workers of 4 for evacuation
[2020-08-14T18:20:13.307+0200][gc,mmu       ] GC(0) MMU target violated: 21,0ms (20,0ms/21,0ms)
[2020-08-14T18:20:13.309+0200][gc,phases    ] GC(0)   Pre Evacuate Collection Set: 0,0ms
[2020-08-14T18:20:13.309+0200][gc,phases    ] GC(0)   Evacuate Collection Set: 71,0ms
[2020-08-14T18:20:13.309+0200][gc,phases    ] GC(0)   Post Evacuate Collection Set: 1,5ms
[2020-08-14T18:20:13.309+0200][gc,phases    ] GC(0)   Other: 8,6ms
[2020-08-14T18:20:13.309+0200][gc,heap      ] GC(0) Eden regions: 25->0(21)
[2020-08-14T18:20:13.309+0200][gc,heap      ] GC(0) Survivor regions: 0->4(4)
[2020-08-14T18:20:13.310+0200][gc,heap      ] GC(0) Old regions: 2->4
[2020-08-14T18:20:13.310+0200][gc,heap      ] GC(0) Humongous regions: 1->1
[2020-08-14T18:20:13.310+0200][gc,metaspace ] GC(0) Metaspace: 7514K->7514K(1056768K)
[2020-08-14T18:20:13.310+0200][gc           ] GC(0) Pause Young (Normal) (G1 Evacuation Pause) 26M->6M(512M) 81,897ms
[2020-08-14T18:20:13.310+0200][gc,cpu       ] GC(0) User=0,16s Sys=0,00s Real=0,08s
[2020-08-14T18:20:13.329+0200][gc,heap,exit ] Heap
[2020-08-14T18:20:13.329+0200][gc,heap,exit ]  garbage-first heap   total 524288K, used 6911K [0x00000000e0000000, 0x0000000100000000)
[2020-08-14T18:20:13.329+0200][gc,heap,exit ]   region size 1024K, 5 young (5120K), 4 survivors (4096K)
[2020-08-14T18:20:13.329+0200][gc,heap,exit ]  Metaspace       used 7518K, capacity 7819K, committed 8192K, reserved 1056768K
[2020-08-14T18:20:13.329+0200][gc,heap,exit ]   class space    used 828K, capacity 930K, committed 1024K, reserved 1048576K
