[2020-08-14T18:21:36.180+0200][gc,heap] Heap region size: 1M
[2020-08-14T18:21:36.187+0200][gc     ] Using G1
[2020-08-14T18:21:36.187+0200][gc,heap,coops] Heap address: 0x00000000e0000000, size: 512 MB, Compressed Oops mode: 32-bit
[2020-08-14T18:21:36.188+0200][gc,cds       ] Mark closed archive regions in map: [0x00000000fff00000, 0x00000000fff69ff8]
[2020-08-14T18:21:36.188+0200][gc,cds       ] Mark open archive regions in map: [0x00000000ffe00000, 0x00000000ffe46ff8]
[2020-08-14T18:24:35.566+0200][gc,heap,exit ] Heap
[2020-08-14T18:24:35.566+0200][gc,heap,exit ]  garbage-first heap   total 524288K, used 20164K [0x00000000e0000000, 0x0000000100000000)
[2020-08-14T18:24:35.566+0200][gc,heap,exit ]   region size 1024K, 20 young (20480K), 0 survivors (0K)
[2020-08-14T18:24:35.566+0200][gc,heap,exit ]  Metaspace       used 7188K, capacity 7487K, committed 7680K, reserved 1056768K
[2020-08-14T18:24:35.566+0200][gc,heap,exit ]   class space    used 824K, capacity 930K, committed 1024K, reserved 1048576K
